============================= test session starts ==============================
platform linux -- Python 3.9.16, pytest-7.1.3, pluggy-1.0.0
rootdir: /scratch/ws/m0/shuv_im-shuv_im/shuv_im-imris_workspace-1724036464/MDAO/rkopenmdao/rkopenmdao
collected 1 item

test_component_test_adaptive.py Test_case:  <class 'tests.test_components.TestComp1'>
Checkpointing:  <class 'rkopenmdao.checkpoint_interface.all_checkpointer.AllCheckpointer'>


Starting compute


Resetting Integration Control
0
ERROR ESTIMATOR HAS BEEN RESET
_compute_preparation_phase step IntegrationControl(initial_time=0.0, termination_criterion=TerminationCriterion(criterion='end_time', value=0.01), initial_delta_t=0.001, initial_step=0, _delta_t=0.001, smallest_delta_t=0.001, step=0, step_time=0.0, stage=0, stage_time=0.0, butcher_diagonal_element=0.0)
remaining_time: 0.01
remaining_time: 0.01
Not_Finished: (1, 0.0, 0.001)

Starting step 1 of compute.

current Step time:  0.0
remaining_time: 0.01
delta_t:  0.001
Starting stage 1 of compute in step 1.
NL: Newton Converged in 0 iterations
Finished stage 1 of compute in step 1.
Starting stage 2 of compute in step 1.
NL: Newton Converged in 0 iterations
Finished stage 2 of compute in step 1.
[[1.   ]
 [1.001]]
[1.0010005] [1.001]
delta t new:  0.04248529156952675
Currrent Norm:  5.00000000069889e-07
local_norm [0.001, 0.001]
delta_time_steps [None, None]
is accepted: True

Finishing step 1 of compute.

deque([[array([1.]), 0.001, 0.001]])
remaining_time: 0.009000000000000001
remaining_time: 0.009000000000000001
Not_Finished: (2, 0.001, 0.001)

Starting step 2 of compute.

current Step time:  0.001
remaining_time: 0.009000000000000001
delta_t:  0.009000000000000001
Starting stage 1 of compute in step 2.
NL: Newton Converged in 0 iterations
Finished stage 1 of compute in step 2.
Starting stage 2 of compute in step 2.
NL: Newton Converged in 0 iterations
Finished stage 2 of compute in step 2.
[[1.0010005]
 [1.0100095]]
[1.01005005] [1.0100095]
here
delta t new:  0.042464054240057815
Currrent Norm:  4.0540520249932044e-05
local_norm [5.00000000069889e-07, 0.001]
delta_time_steps [0.001, None]
is accepted: True

Finishing step 2 of compute.

deque([[array([1.]), 0.001, 0.001], [array([1.0010005]), 0.010000000000000002, 0.009000000000000001]])
remaining_time: -1.734723475976807e-18
Finish


Finishing compute




Starting compute


Resetting Integration Control
0
ERROR ESTIMATOR HAS BEEN RESET
_compute_preparation_phase step IntegrationControl(initial_time=0.0, termination_criterion=TerminationCriterion(criterion='end_time', value=0.01), initial_delta_t=0.001, initial_step=0, _delta_t=0.001, smallest_delta_t=0.001, step=0, step_time=0.0, stage=0, stage_time=0.0, butcher_diagonal_element=0.0)
remaining_time: 0.01
remaining_time: 0.01
Not_Finished: (1, 0.0, 0.001)

Starting step 1 of compute.

current Step time:  0.0
remaining_time: 0.01
delta_t:  0.001
Starting stage 1 of compute in step 1.
NL: Newton Converged in 0 iterations
Finished stage 1 of compute in step 1.
Starting stage 2 of compute in step 1.
NL: Newton Converged in 0 iterations
Finished stage 2 of compute in step 1.
[[1.   ]
 [1.001]]
[1.0010005] [1.001]
delta t new:  0.04248529156952675
Currrent Norm:  5.00000000069889e-07
local_norm [0.001, 0.001]
delta_time_steps [None, None]
is accepted: True

Finishing step 1 of compute.

deque([[array([1.]), 0.001, 0.001]])
remaining_time: 0.009000000000000001
remaining_time: 0.009000000000000001
Not_Finished: (2, 0.001, 0.001)

Starting step 2 of compute.

current Step time:  0.001
remaining_time: 0.009000000000000001
delta_t:  0.009000000000000001
Starting stage 1 of compute in step 2.
NL: Newton Converged in 0 iterations
Finished stage 1 of compute in step 2.
Starting stage 2 of compute in step 2.
NL: Newton Converged in 0 iterations
Finished stage 2 of compute in step 2.
[[1.0010005]
 [1.0100095]]
[1.01005005] [1.0100095]
here
delta t new:  0.042464054240057815
Currrent Norm:  4.0540520249932044e-05
local_norm [5.00000000069889e-07, 0.001]
delta_time_steps [0.001, None]
is accepted: True

Finishing step 2 of compute.

deque([[array([1.]), 0.001, 0.001], [array([1.0010005]), 0.010000000000000002, 0.009000000000000001]])
remaining_time: -1.734723475976807e-18
Finish


Finishing compute




Starting fwd-mode jacvec product


Resetting Integration Control
0
ERROR ESTIMATOR HAS BEEN RESET
Finish preparation
remaining_time: 0.01
remaining_time: 0.01
Not_Finished: (1, 0.0, 0.001)

Starting step 1 of fwd-mode jacvec product.

current Step time:  0.0
remaining_time: 0.01
Starting stage 1 of fwd-mode jacvec product in step 1.
[0.] [0.]
Starting stage 1 of compute in step 1.
NL: Newton Converged in 0 iterations
Finished stage 1 of compute in step 1.
Finished stage 1 of fwd-mode jacvec product in step 1.
Starting stage 2 of fwd-mode jacvec product in step 1.
[1.] [1.]
Starting stage 2 of compute in step 1.
NL: Newton Converged in 0 iterations
Finished stage 2 of compute in step 1.
Finished stage 2 of fwd-mode jacvec product in step 1.
[[1.   ]
 [1.001]]
[1.0010005] [1.001]
delta t new:  0.04248529156952675
Currrent Norm:  5.00000000069889e-07
local_norm [0.001, 0.001]
delta_time_steps [None, None]
delta_suggestion2:  0.04248529156952675
--------------------------------------------------------------------
delta_t:  0.001
next_delta_t:  0.04248529156952675
time_now:  0.0
next_time:  0.001
--------------------------------------------------------------------
[1.0010005]

Finished step 1 of fwd-mode jacvec product.

remaining_time: 0.009000000000000001
remaining_time: 0.009000000000000001
Not_Finished: (2, 0.001, 0.001)

Starting step 2 of fwd-mode jacvec product.

current Step time:  0.001
remaining_time: 0.009000000000000001
Starting stage 1 of fwd-mode jacvec product in step 2.
[0.] [0.]
Starting stage 1 of compute in step 2.
NL: Newton Converged in 0 iterations
Finished stage 1 of compute in step 2.
Finished stage 1 of fwd-mode jacvec product in step 2.
Starting stage 2 of fwd-mode jacvec product in step 2.
[1.0010005] [1.0010005]
Starting stage 2 of compute in step 2.
NL: Newton Converged in 0 iterations
Finished stage 2 of compute in step 2.
Finished stage 2 of fwd-mode jacvec product in step 2.
[[1.0010005]
 [1.0100095]]
[1.01005005] [1.0100095]
here
delta t new:  0.042464054240057815
Currrent Norm:  4.0540520249932044e-05
local_norm [5.00000000069889e-07, 0.001]
delta_time_steps [0.001, None]
delta_suggestion2:  0.042464054240057815
--------------------------------------------------------------------
delta_t:  0.009000000000000001
next_delta_t:  0.042464054240057815
time_now:  0.001
next_time:  0.010000000000000002
--------------------------------------------------------------------
[1.01005005]

Finished step 2 of fwd-mode jacvec product.

remaining_time: -1.734723475976807e-18
Finish


Finished fwd-mode jacvec product




Starting compute


Resetting Integration Control
0
ERROR ESTIMATOR HAS BEEN RESET
_compute_preparation_phase step IntegrationControl(initial_time=0.0, termination_criterion=TerminationCriterion(criterion='end_time', value=0.01), initial_delta_t=0.001, initial_step=0, _delta_t=0.001, smallest_delta_t=0.001, step=0, step_time=0.0, stage=0, stage_time=0.0, butcher_diagonal_element=0.0)
remaining_time: 0.01
remaining_time: 0.01
Not_Finished: (1, 0.0, 0.001)

Starting step 1 of compute.

current Step time:  0.0
remaining_time: 0.01
delta_t:  0.001
Starting stage 1 of compute in step 1.
NL: Newton Converged in 0 iterations
Finished stage 1 of compute in step 1.
Starting stage 2 of compute in step 1.
NL: Newton Converged in 0 iterations
Finished stage 2 of compute in step 1.
[[1.   ]
 [1.001]]
[1.0010005] [1.001]
delta t new:  0.04248529156952675
Currrent Norm:  5.00000000069889e-07
local_norm [0.001, 0.001]
delta_time_steps [None, None]
is accepted: True

Finishing step 1 of compute.

deque([[array([1.]), 0.001, 0.001]])
remaining_time: 0.009000000000000001
remaining_time: 0.009000000000000001
Not_Finished: (2, 0.001, 0.001)

Starting step 2 of compute.

current Step time:  0.001
remaining_time: 0.009000000000000001
delta_t:  0.009000000000000001
Starting stage 1 of compute in step 2.
NL: Newton Converged in 0 iterations
Finished stage 1 of compute in step 2.
Starting stage 2 of compute in step 2.
NL: Newton Converged in 0 iterations
Finished stage 2 of compute in step 2.
[[1.0010005]
 [1.0100095]]
[1.01005005] [1.0100095]
here
delta t new:  0.042464054240057815
Currrent Norm:  4.0540520249932044e-05
local_norm [5.00000000069889e-07, 0.001]
delta_time_steps [0.001, None]
is accepted: True

Finishing step 2 of compute.

deque([[array([1.]), 0.001, 0.001], [array([1.0010005]), 0.010000000000000002, 0.009000000000000001]])
remaining_time: -1.734723475976807e-18
Finish


Finishing compute




Starting rev-mode jacvec product


Rev delta_t: 0.009000000000000001

Starting step 2 of rev-mode jacvec product.

Starting stage 0 of the fwd iteration of rev-mode jvp in
step 2.
Starting stage 1 of compute in step 2.
NL: Newton Converged in 0 iterations
Finished stage 1 of compute in step 2.
Finished stage 0 of the fwd iteration of rev-mode jvp in
step 2.
Starting stage 1 of the fwd iteration of rev-mode jvp in
step 2.
Starting stage 2 of compute in step 2.
NL: Newton Converged in 0 iterations
Finished stage 2 of compute in step 2.
Finished stage 1 of the fwd iteration of rev-mode jvp in
step 2.
Starting stage 1 of the rev iteration of rev-mode jvp in
step 2.
Finished stage 1 of the rev iteration of reve-mode jvp in
step 2.
Starting stage 0 of the rev iteration of rev-mode jvp in
step 2.
Finished stage 0 of the rev iteration of reve-mode jvp in
step 2.

Finishing step 2 of rev-mode jacvec product.

Rev delta_t: 0.001

Starting step 1 of rev-mode jacvec product.

Starting stage 0 of the fwd iteration of rev-mode jvp in
step 1.
Starting stage 1 of compute in step 1.
NL: Newton Converged in 0 iterations
Finished stage 1 of compute in step 1.
Finished stage 0 of the fwd iteration of rev-mode jvp in
step 1.
Starting stage 1 of the fwd iteration of rev-mode jvp in
step 1.
Starting stage 2 of compute in step 1.
NL: Newton Converged in 0 iterations
Finished stage 2 of compute in step 1.
Finished stage 1 of the fwd iteration of rev-mode jvp in
step 1.
Starting stage 1 of the rev iteration of rev-mode jvp in
step 1.
Finished stage 1 of the rev iteration of reve-mode jvp in
step 1.
Starting stage 0 of the rev iteration of rev-mode jvp in
step 1.
Finished stage 0 of the rev iteration of reve-mode jvp in
step 1.

Finishing step 1 of rev-mode jacvec product.



Finished rev-mode jacvec product




Starting compute


Resetting Integration Control
0
ERROR ESTIMATOR HAS BEEN RESET
_compute_preparation_phase step IntegrationControl(initial_time=0.0, termination_criterion=TerminationCriterion(criterion='end_time', value=0.01), initial_delta_t=0.001, initial_step=0, _delta_t=0.001, smallest_delta_t=0.001, step=0, step_time=0.0, stage=0, stage_time=0.0, butcher_diagonal_element=0.0)
remaining_time: 0.01
remaining_time: 0.01
Not_Finished: (1, 0.0, 0.001)

Starting step 1 of compute.

current Step time:  0.0
remaining_time: 0.01
delta_t:  0.001
Starting stage 1 of compute in step 1.
NL: Newton Converged in 0 iterations
Finished stage 1 of compute in step 1.
Starting stage 2 of compute in step 1.
NL: Newton Converged in 0 iterations
Finished stage 2 of compute in step 1.
[[1.   ]
 [1.001]]
[1.0010005] [1.001]
delta t new:  0.04248529156952675
Currrent Norm:  5.00000000069889e-07
local_norm [0.001, 0.001]
delta_time_steps [None, None]
is accepted: True

Finishing step 1 of compute.

deque([[array([1.]), 0.001, 0.001]])
remaining_time: 0.009000000000000001
remaining_time: 0.009000000000000001
Not_Finished: (2, 0.001, 0.001)

Starting step 2 of compute.

current Step time:  0.001
remaining_time: 0.009000000000000001
delta_t:  0.009000000000000001
Starting stage 1 of compute in step 2.
NL: Newton Converged in 0 iterations
Finished stage 1 of compute in step 2.
Starting stage 2 of compute in step 2.
NL: Newton Converged in 0 iterations
Finished stage 2 of compute in step 2.
[[1.0010005]
 [1.0100095]]
[1.01005005] [1.0100095]
here
delta t new:  0.042464054240057815
Currrent Norm:  4.0540520249932044e-05
local_norm [5.00000000069889e-07, 0.001]
delta_time_steps [0.001, None]
is accepted: True

Finishing step 2 of compute.

deque([[array([1.]), 0.001, 0.001], [array([1.0010005]), 0.010000000000000002, 0.009000000000000001]])
remaining_time: -1.734723475976807e-18
Finish


Finishing compute




Starting compute


Resetting Integration Control
0
ERROR ESTIMATOR HAS BEEN RESET
_compute_preparation_phase step IntegrationControl(initial_time=0.0, termination_criterion=TerminationCriterion(criterion='end_time', value=0.01), initial_delta_t=0.001, initial_step=0, _delta_t=0.001, smallest_delta_t=0.001, step=0, step_time=0.0, stage=0, stage_time=0.0, butcher_diagonal_element=0.0)
remaining_time: 0.01
remaining_time: 0.01
Not_Finished: (1, 0.0, 0.001)

Starting step 1 of compute.

current Step time:  0.0
remaining_time: 0.01
delta_t:  0.001
Starting stage 1 of compute in step 1.
NL: Newton Converged in 0 iterations
Finished stage 1 of compute in step 1.
Starting stage 2 of compute in step 1.
NL: Newton Converged in 0 iterations
Finished stage 2 of compute in step 1.
[[1.000001]
 [1.001001]]
[1.0010015] [1.001001]
delta t new:  0.042485270325008415
Currrent Norm:  5.000005001143393e-07
local_norm [0.001, 0.001]
delta_time_steps [None, None]
is accepted: True

Finishing step 1 of compute.

deque([[array([1.000001]), 0.001, 0.001]])
remaining_time: 0.009000000000000001
remaining_time: 0.009000000000000001
Not_Finished: (2, 0.001, 0.001)

Starting step 2 of compute.

current Step time:  0.001
remaining_time: 0.009000000000000001
delta_t:  0.009000000000000001
Starting stage 1 of compute in step 2.
NL: Newton Converged in 0 iterations
Finished stage 1 of compute in step 2.
Starting stage 2 of compute in step 2.
NL: Newton Converged in 0 iterations
Finished stage 2 of compute in step 2.
[[1.0010015 ]
 [1.01001051]]
[1.01005106] [1.01001051]
here
delta t new:  0.04246403300796194
Currrent Norm:  4.0540560790613966e-05
local_norm [5.000005001143393e-07, 0.001]
delta_time_steps [0.001, None]
is accepted: True

Finishing step 2 of compute.

deque([[array([1.000001]), 0.001, 0.001], [array([1.0010015]), 0.010000000000000002, 0.009000000000000001]])
remaining_time: -1.734723475976807e-18
Finish


Finishing compute


-----------------------------------------------
Component: RungeKuttaIntegrator 'rk_integrator'
-----------------------------------------------
  rk_integrator: 'x_final' wrt 'x_initial'
     Forward Magnitude: 1.010050e+00
     Reverse Magnitude: 1.010050e+00
          Fd Magnitude: 1.010050e+00 (fd:forward)
    Absolute Error (Jfor - Jfd) : 1.379452e-10
    Absolute Error (Jrev - Jfd) : 1.379450e-10
    Absolute Error (Jfor - Jrev): 2.220446e-16

    Relative Error (Jfor - Jfd) / Jfd : 1.365726e-10
    Relative Error (Jrev - Jfd) / Jfd : 1.365724e-10
    Relative Error (Jfor - Jrev) / Jfd: 2.198353e-16

    Raw Forward Derivative (Jfor)
[[1.01005005]]

    Raw Reverse Derivative (Jrev)
[[1.01005005]]

    Raw FD Derivative (Jfd)
[[1.01005005]]

 - - - - - - - - - - - - - - - - - - - - - - - - - - - - - -
.

=============================== warnings summary ===============================
../../../../../../../../../home/shuv_im/.spack/rev.23.05/install/linux-rocky8-zen2/gcc-10.4.0/py-openmdao-3.9.1-dlr.6-w57zdo/lib/python3.9/site-packages/openmdao/components/exec_comp.py:7
../../../../../../../../../home/shuv_im/.spack/rev.23.05/install/linux-rocky8-zen2/gcc-10.4.0/py-openmdao-3.9.1-dlr.6-w57zdo/lib/python3.9/site-packages/openmdao/components/exec_comp.py:7
  /home/shuv_im/.spack/rev.23.05/install/linux-rocky8-zen2/gcc-10.4.0/py-openmdao-3.9.1-dlr.6-w57zdo/lib/python3.9/site-packages/openmdao/components/exec_comp.py:7: DeprecationWarning: `np.complex` is a deprecated alias for the builtin `complex`. To silence this warning, use `complex` by itself. Doing this will not modify any behavior and is safe. If you specifically wanted the numpy scalar type, use `np.complex128` here.
  Deprecated in NumPy 1.20; for more details and guidance: https://numpy.org/devdocs/release/1.20.0-notes.html#deprecations
    from numpy import ndarray, imag, complex as npcomplex

../../../../../../../../../home/shuv_im/.spack/rev.23.05/install/linux-rocky8-zen2/gcc-10.4.0/py-openmdao-3.9.1-dlr.6-w57zdo/lib/python3.9/site-packages/openmdao/components/external_code_comp.py:6
  /home/shuv_im/.spack/rev.23.05/install/linux-rocky8-zen2/gcc-10.4.0/py-openmdao-3.9.1-dlr.6-w57zdo/lib/python3.9/site-packages/openmdao/components/external_code_comp.py:6: DeprecationWarning: 
  
    `numpy.distutils` is deprecated since NumPy 1.23.0, as a result
    of the deprecation of `distutils` itself. It will be removed for
    Python >= 3.12. For older Python versions it will remain present.
    It is recommended to use `setuptools < 60.0` for those Python versions.
    For more details, see:
      https://numpy.org/devdocs/reference/distutils_status_migration.html 
  
  
    import numpy.distutils

../../../../../../../../../home/shuv_im/.spack/rev.23.05/install/linux-rocky8-zen2/gcc-10.4.0/py-openmdao-3.9.1-dlr.6-w57zdo/lib/python3.9/site-packages/openmdao/surrogate_models/response_surface.py:7
  /home/shuv_im/.spack/rev.23.05/install/linux-rocky8-zen2/gcc-10.4.0/py-openmdao-3.9.1-dlr.6-w57zdo/lib/python3.9/site-packages/openmdao/surrogate_models/response_surface.py:7: DeprecationWarning: The module numpy.dual is deprecated.  Instead of using dual, use the functions directly from numpy or scipy.
    from numpy.dual import lstsq

test_component_test_adaptive.py:59
  /scratch/ws/m0/shuv_im-shuv_im/shuv_im-imris_workspace-1724036464/MDAO/rkopenmdao/rkopenmdao/tests/test_component_test_adaptive.py:59: PytestUnknownMarkWarning: Unknown pytest.mark.rk - is this a typo?  You can register custom marks to avoid this warning - for details, see https://docs.pytest.org/en/stable/how-to/mark.html
    @pytest.mark.rk

test_component_test_adaptive.py:60
  /scratch/ws/m0/shuv_im-shuv_im/shuv_im-imris_workspace-1724036464/MDAO/rkopenmdao/rkopenmdao/tests/test_component_test_adaptive.py:60: PytestUnknownMarkWarning: Unknown pytest.mark.rk_openmdao - is this a typo?  You can register custom marks to avoid this warning - for details, see https://docs.pytest.org/en/stable/how-to/mark.html
    @pytest.mark.rk_openmdao

test_component_test_adaptive.py:82
  /scratch/ws/m0/shuv_im-shuv_im/shuv_im-imris_workspace-1724036464/MDAO/rkopenmdao/rkopenmdao/tests/test_component_test_adaptive.py:82: PytestUnknownMarkWarning: Unknown pytest.mark.rk - is this a typo?  You can register custom marks to avoid this warning - for details, see https://docs.pytest.org/en/stable/how-to/mark.html
    @pytest.mark.rk

test_component_test_adaptive.py:83
  /scratch/ws/m0/shuv_im-shuv_im/shuv_im-imris_workspace-1724036464/MDAO/rkopenmdao/rkopenmdao/tests/test_component_test_adaptive.py:83: PytestUnknownMarkWarning: Unknown pytest.mark.rk_openmdao - is this a typo?  You can register custom marks to avoid this warning - for details, see https://docs.pytest.org/en/stable/how-to/mark.html
    @pytest.mark.rk_openmdao

test_component_test_adaptive.py:164
  /scratch/ws/m0/shuv_im-shuv_im/shuv_im-imris_workspace-1724036464/MDAO/rkopenmdao/rkopenmdao/tests/test_component_test_adaptive.py:164: PytestUnknownMarkWarning: Unknown pytest.mark.rk - is this a typo?  You can register custom marks to avoid this warning - for details, see https://docs.pytest.org/en/stable/how-to/mark.html
    @pytest.mark.rk

test_component_test_adaptive.py:165
  /scratch/ws/m0/shuv_im-shuv_im/shuv_im-imris_workspace-1724036464/MDAO/rkopenmdao/rkopenmdao/tests/test_component_test_adaptive.py:165: PytestUnknownMarkWarning: Unknown pytest.mark.rk_openmdao - is this a typo?  You can register custom marks to avoid this warning - for details, see https://docs.pytest.org/en/stable/how-to/mark.html
    @pytest.mark.rk_openmdao

test_component_test_adaptive.py:244
  /scratch/ws/m0/shuv_im-shuv_im/shuv_im-imris_workspace-1724036464/MDAO/rkopenmdao/rkopenmdao/tests/test_component_test_adaptive.py:244: PytestUnknownMarkWarning: Unknown pytest.mark.rk - is this a typo?  You can register custom marks to avoid this warning - for details, see https://docs.pytest.org/en/stable/how-to/mark.html
    @pytest.mark.rk

test_component_test_adaptive.py:245
  /scratch/ws/m0/shuv_im-shuv_im/shuv_im-imris_workspace-1724036464/MDAO/rkopenmdao/rkopenmdao/tests/test_component_test_adaptive.py:245: PytestUnknownMarkWarning: Unknown pytest.mark.rk_openmdao - is this a typo?  You can register custom marks to avoid this warning - for details, see https://docs.pytest.org/en/stable/how-to/mark.html
    @pytest.mark.rk_openmdao

test_component_test_adaptive.py:330
  /scratch/ws/m0/shuv_im-shuv_im/shuv_im-imris_workspace-1724036464/MDAO/rkopenmdao/rkopenmdao/tests/test_component_test_adaptive.py:330: PytestUnknownMarkWarning: Unknown pytest.mark.rk - is this a typo?  You can register custom marks to avoid this warning - for details, see https://docs.pytest.org/en/stable/how-to/mark.html
    @pytest.mark.rk

test_component_test_adaptive.py:331
  /scratch/ws/m0/shuv_im-shuv_im/shuv_im-imris_workspace-1724036464/MDAO/rkopenmdao/rkopenmdao/tests/test_component_test_adaptive.py:331: PytestUnknownMarkWarning: Unknown pytest.mark.rk_openmdao - is this a typo?  You can register custom marks to avoid this warning - for details, see https://docs.pytest.org/en/stable/how-to/mark.html
    @pytest.mark.rk_openmdao

test_component_test_adaptive.py:418
  /scratch/ws/m0/shuv_im-shuv_im/shuv_im-imris_workspace-1724036464/MDAO/rkopenmdao/rkopenmdao/tests/test_component_test_adaptive.py:418: PytestUnknownMarkWarning: Unknown pytest.mark.rk - is this a typo?  You can register custom marks to avoid this warning - for details, see https://docs.pytest.org/en/stable/how-to/mark.html
    @pytest.mark.rk

test_component_test_adaptive.py:419
  /scratch/ws/m0/shuv_im-shuv_im/shuv_im-imris_workspace-1724036464/MDAO/rkopenmdao/rkopenmdao/tests/test_component_test_adaptive.py:419: PytestUnknownMarkWarning: Unknown pytest.mark.rk_openmdao - is this a typo?  You can register custom marks to avoid this warning - for details, see https://docs.pytest.org/en/stable/how-to/mark.html
    @pytest.mark.rk_openmdao

tests/test_component_test_adaptive.py::test_time_integration_partials[Integral-SimpleErrorEstimator-AllCheckpointer-butcher_tableau0-TestComp1-0.0]
tests/test_component_test_adaptive.py::test_time_integration_partials[Integral-SimpleErrorEstimator-AllCheckpointer-butcher_tableau0-TestComp1-0.0]
  /home/shuv_im/.spack/rev.23.05/install/linux-rocky8-zen2/gcc-10.4.0/py-openmdao-3.9.1-dlr.6-w57zdo/lib/python3.9/site-packages/openmdao/core/group.py:1624: DeprecationWarning: OrderedGraph is deprecated and will be removed in version 3.0.
  Use `Graph` instead, which guarantees order is preserved for
  Python >= 3.7
  
    self._shapes_graph = graph = nx.OrderedGraph()  # ordered graph for consistency across procs

tests/test_component_test_adaptive.py::test_time_integration_partials[Integral-SimpleErrorEstimator-AllCheckpointer-butcher_tableau0-TestComp1-0.0]
tests/test_component_test_adaptive.py::test_time_integration_partials[Integral-SimpleErrorEstimator-AllCheckpointer-butcher_tableau0-TestComp1-0.0]
  /home/shuv_im/.spack/rev.23.05/install/linux-rocky8-zen2/gcc-10.4.0/py-openmdao-3.9.1-dlr.6-w57zdo/lib/python3.9/site-packages/openmdao/core/group.py:1691: DeprecationWarning: OrderedGraph is deprecated and will be removed in version 3.0.
  Use `Graph` instead, which guarantees order is preserved for
  Python >= 3.7
  
    graph = nx.OrderedGraph()  # ordered graph for consistency across procs

tests/test_component_test_adaptive.py::test_time_integration_partials[Integral-SimpleErrorEstimator-AllCheckpointer-butcher_tableau0-TestComp1-0.0]
tests/test_component_test_adaptive.py::test_time_integration_partials[Integral-SimpleErrorEstimator-AllCheckpointer-butcher_tableau0-TestComp1-0.0]
tests/test_component_test_adaptive.py::test_time_integration_partials[Integral-SimpleErrorEstimator-AllCheckpointer-butcher_tableau0-TestComp1-0.0]
tests/test_component_test_adaptive.py::test_time_integration_partials[Integral-SimpleErrorEstimator-AllCheckpointer-butcher_tableau0-TestComp1-0.0]
tests/test_component_test_adaptive.py::test_time_integration_partials[Integral-SimpleErrorEstimator-AllCheckpointer-butcher_tableau0-TestComp1-0.0]
tests/test_component_test_adaptive.py::test_time_integration_partials[Integral-SimpleErrorEstimator-AllCheckpointer-butcher_tableau0-TestComp1-0.0]
tests/test_component_test_adaptive.py::test_time_integration_partials[Integral-SimpleErrorEstimator-AllCheckpointer-butcher_tableau0-TestComp1-0.0]
tests/test_component_test_adaptive.py::test_time_integration_partials[Integral-SimpleErrorEstimator-AllCheckpointer-butcher_tableau0-TestComp1-0.0]
  <decorator-gen-5>:2: DeprecationWarning: scipy.sparse.linalg.gmres called without specifying `callback_type`. The default value will be changed in a future release. For compatibility, specify a value for `callback_type` explicitly, e.g., ``{name}(..., callback_type='pr_norm')``, or to retain the old behavior ``{name}(..., callback_type='legacy')``

tests/test_component_test_adaptive.py::test_time_integration_partials[Integral-SimpleErrorEstimator-AllCheckpointer-butcher_tableau0-TestComp1-0.0]
  /home/shuv_im/.spack/rev.23.05/install/linux-rocky8-zen2/gcc-10.4.0/py-openmdao-3.9.1-dlr.6-w57zdo/lib/python3.9/site-packages/openmdao/jacobians/jacobian.py:315: DeprecationWarning: Calling np.sum(generator) is deprecated, and in the future will give a different result. Use np.sum(np.fromiter(generator)) or the python sum builtin instead.
    ncols = np.sum(end - start for _, start, end, _, _ in col_var_info.values())

-- Docs: https://docs.pytest.org/en/stable/how-to/capture-warnings.html
======================= 1 passed, 29 warnings in 24.52s ========================
